[wellconcept.co/html/portlu-pre/index.html]
[backblue.gif]
[fade.gif]
[index.html]
[wellconcept.co/html/portlu-pre/assets/imgs/favicon.svg]
[wellconcept.co/html/portlu-pre/assets/css/vendor/bootstrap.min.css]
[wellconcept.co/html/portlu-pre/assets/css/vendor/animate.min.css]
[wellconcept.co/html/portlu-pre/assets/css/plugins/swiper.min.css]
[wellconcept.co/html/portlu-pre/assets/css/plugins/slick.css]
[wellconcept.co/html/portlu-pre/assets/css/vendor/magnific-popup.css]
[wellconcept.co/html/portlu-pre/assets/css/vendor/hover-reveal.css]
[wellconcept.co/html/portlu-pre/assets/css/vendor/fontawesome-pro.css]
[wellconcept.co/html/portlu-pre/assets/css/vendor/icomoon.css]
[wellconcept.co/html/portlu-pre/assets/css/vendor/spacing.css]
[wellconcept.co/html/portlu-pre/assets/css/main.css]
[wellconcept.co/html/portlu-pre/index-2.html]
[wellconcept.co/html/portlu-pre/assets/imgs/logo/logo.svg]
[wellconcept.co/html/portlu-pre/assets/imgs/menu/menu-home-1.jpg]
[wellconcept.co/html/portlu-pre/personal-portfolio.html]
[wellconcept.co/html/portlu-pre/personal-portfolio-one-page.html]
[wellconcept.co/html/portlu-pre/assets/imgs/menu/menu-home-2.jpg]
[wellconcept.co/html/portlu-pre/minimal-portfolio-agency.html]
[wellconcept.co/html/portlu-pre/minimal-portfolio-agency-one-page.html]
[wellconcept.co/html/portlu-pre/assets/imgs/menu/menu-home-3.jpg]
[wellconcept.co/html/portlu-pre/creative-agency.html]
[wellconcept.co/html/portlu-pre/creative-agency-one-page.html]
[wellconcept.co/html/portlu-pre/assets/imgs/menu/menu-home-4.jpg]
[wellconcept.co/html/portlu-pre/creative-agency-02.html]
[wellconcept.co/html/portlu-pre/creative-agency-one-page-02.html]
[wellconcept.co/html/portlu-pre/assets/imgs/menu/menu-home-5.jpg]
[wellconcept.co/html/portlu-pre/digital-agency.html]
[wellconcept.co/html/portlu-pre/digital-agency-one-page.html]
[wellconcept.co/html/portlu-pre/assets/imgs/menu/menu-home-6.jpg]
[wellconcept.co/html/portlu-pre/digital-agency-02.html]
[wellconcept.co/html/portlu-pre/digital-agency-one-page-02.html]
[wellconcept.co/html/portlu-pre/assets/imgs/menu/menu-home-7.jpg]
[wellconcept.co/html/portlu-pre/corporate-business.html]
[wellconcept.co/html/portlu-pre/corporate-business-one-page.html]
[wellconcept.co/html/portlu-pre/assets/imgs/menu/menu-home-8.jpg]
[wellconcept.co/html/portlu-pre/startup-business.html]
[wellconcept.co/html/portlu-pre/startup-business-one-page.html]
[wellconcept.co/html/portlu-pre/about.html]
[wellconcept.co/html/portlu-pre/about-creative.html]
[wellconcept.co/html/portlu-pre/service.html]
[wellconcept.co/html/portlu-pre/service-standard.html]
[wellconcept.co/html/portlu-pre/service-agency.html]
[wellconcept.co/html/portlu-pre/service-details.html]
[wellconcept.co/html/portlu-pre/team.html]
[wellconcept.co/html/portlu-pre/portfolio.html]
[wellconcept.co/html/portlu-pre/portfolio-grid.html]
[wellconcept.co/html/portlu-pre/portfolio-gallery.html]
[wellconcept.co/html/portlu-pre/portfolio-masonary.html]
[wellconcept.co/html/portlu-pre/portfolio-slider-details.html]
[wellconcept.co/html/portlu-pre/portfolio-list-details.html]
[wellconcept.co/html/portlu-pre/portfolio-video-details.html]
[wellconcept.co/html/portlu-pre/portfolio-details.html]
[wellconcept.co/html/portlu-pre/blog.html]
[wellconcept.co/html/portlu-pre/blog-grid.html]
[wellconcept.co/html/portlu-pre/blog-grid-sidebar.html]
[wellconcept.co/html/portlu-pre/blog-masonary.html]
[wellconcept.co/html/portlu-pre/blog-list-sidebar.html]
[wellconcept.co/html/portlu-pre/blog-details.html]
[wellconcept.co/html/portlu-pre/blog-details-02.html]
[wellconcept.co/html/portlu-pre/pricing.html]
[wellconcept.co/html/portlu-pre/testimonial.html]
[wellconcept.co/html/portlu-pre/contact.html]
[wellconcept.co/html/portlu-pre/login.html]
[wellconcept.co/html/portlu-pre/register.html]
[wellconcept.co/html/portlu-pre/forgot.html]
[wellconcept.co/html/portlu-pre/faq.html]
[wellconcept.co/html/portlu-pre/404.html]
[wellconcept.co/html/portlu-pre/style-guide.html]
[wellconcept.co/html/portlu-pre/elements-accordion.html]
[wellconcept.co/html/portlu-pre/elements-blog.html]
[wellconcept.co/html/portlu-pre/elements-brand.html]
[wellconcept.co/html/portlu-pre/elements-button.html]
[wellconcept.co/html/portlu-pre/elements-team.html]
[wellconcept.co/html/portlu-pre/elements-breadcrumb.html]
[wellconcept.co/html/portlu-pre/elements-form.html]
[wellconcept.co/html/portlu-pre/elements-cta.html]
[wellconcept.co/html/portlu-pre/elements-pricing.html]
[wellconcept.co/html/portlu-pre/elements-service.html]
[wellconcept.co/html/portlu-pre/elements-counter.html]
[wellconcept.co/html/portlu-pre/elements-about.html]
[wellconcept.co/html/portlu-pre/elements-portfolio.html]
[wellconcept.co/html/portlu-pre/elements-testimonial.html]
[wellconcept.co/html/portlu-pre/elements-progressbar.html]
[wellconcept.co/html/portlu-pre/elements-footer.html]
[wellconcept.co/html/portlu-pre/assets/imgs/shape/landing-award.png]
[wellconcept.co/html/portlu-pre/assets/imgs/landing/banner/landing-laptop.png]
[wellconcept.co/html/portlu-pre/assets/imgs/landing/banner/landing-mobile.png]
[wellconcept.co/html/portlu-pre/assets/imgs/landing/home/landing-home-01.png]
[wellconcept.co/html/portlu-pre/assets/imgs/landing/home/landing-home-02.png]
[wellconcept.co/html/portlu-pre/assets/imgs/landing/home/landing-home-03.png]
[wellconcept.co/html/portlu-pre/assets/imgs/landing/home/landing-home-04.png]
[wellconcept.co/html/portlu-pre/assets/imgs/landing/home/landing-home-05.png]
[wellconcept.co/html/portlu-pre/assets/imgs/landing/home/landing-home-06.png]
[wellconcept.co/html/portlu-pre/assets/imgs/landing/home/landing-home-07.png]
[wellconcept.co/html/portlu-pre/assets/imgs/landing/home/landing-home-08.png]
[wellconcept.co/html/portlu-pre/assets/imgs/landing/home/coming-soon.png]
[wellconcept.co/html/portlu-pre/assets/imgs/landing/features/icon/html.png]
[wellconcept.co/html/portlu-pre/assets/imgs/landing/features/icon/css.png]
[wellconcept.co/html/portlu-pre/assets/imgs/landing/features/icon/bootstrap.png]
[wellconcept.co/html/portlu-pre/assets/imgs/landing/features/icon/sass.png]
[wellconcept.co/html/portlu-pre/assets/imgs/landing/features/icon/google-fonts.png]
[wellconcept.co/html/portlu-pre/assets/imgs/landing/features/icon/seo.png]
[wellconcept.co/html/portlu-pre/assets/imgs/landing/features/icon/speed.png]
[wellconcept.co/html/portlu-pre/assets/imgs/landing/features/icon/slick.png]
[wellconcept.co/html/portlu-pre/assets/imgs/landing/features/icon/responsive.png]
[wellconcept.co/html/portlu-pre/assets/imgs/landing/features/icon/magnific-popup.png]
[wellconcept.co/html/portlu-pre/assets/imgs/landing/features/icon/code.png]
[wellconcept.co/html/portlu-pre/assets/imgs/landing/features/icon/document.png]
[wellconcept.co/html/portlu-pre/assets/imgs/landing/inner/landing-inner-01.png]
[wellconcept.co/html/portlu-pre/assets/imgs/landing/inner/landing-inner-02.png]
[wellconcept.co/html/portlu-pre/assets/imgs/landing/inner/landing-inner-03.png]
[wellconcept.co/html/portlu-pre/assets/imgs/landing/inner/landing-inner-04.png]
[wellconcept.co/html/portlu-pre/assets/imgs/landing/inner/landing-inner-05.png]
[wellconcept.co/html/portlu-pre/assets/imgs/landing/inner/landing-inner-06.png]
[wellconcept.co/html/portlu-pre/assets/imgs/landing/inner/landing-inner-07.png]
[wellconcept.co/html/portlu-pre/assets/imgs/landing/inner/landing-inner-08.png]
[wellconcept.co/html/portlu-pre/assets/imgs/landing/inner/landing-inner-09.png]
[wellconcept.co/html/portlu-pre/assets/imgs/landing/inner/landing-inner-10.png]
[wellconcept.co/html/portlu-pre/assets/imgs/landing/inner/landing-inner-11.png]
[wellconcept.co/html/portlu-pre/assets/imgs/landing/inner/landing-inner-12.png]
[wellconcept.co/html/portlu-pre/assets/imgs/landing/icon-star.svg]
[wellconcept.co/html/portlu-pre/assets/imgs/landing/services/landing-doc.png]
[wellconcept.co/html/portlu-pre/source/portlu-doc/index.html]
[wellconcept.co/html/portlu-pre/assets/imgs/landing/services/landing-support.png]
[wellconcept.co/html/portlu-pre/assets/imgs/landing/shape/landing-four-line-shape.png]
[wellconcept.co/html/portlu-pre/assets/imgs/landing/shape/landing-four-line-shape-02.png]
[wellconcept.co/cdn-cgi/scripts/5c5dd728/cloudflare-static/email-decode.min.js]
[wellconcept.co/html/portlu-pre/assets/js/vendor/jquery-3.6.0.min.js]
[wellconcept.co/html/portlu-pre/assets/js/plugins/waypoints.min.js]
[wellconcept.co/html/portlu-pre/assets/js/vendor/bootstrap.bundle.min.js]
[wellconcept.co/html/portlu-pre/assets/js/plugins/meanmenu.min.js]
[wellconcept.co/html/portlu-pre/assets/js/plugins/swiper.min.js]
[wellconcept.co/html/portlu-pre/assets/js/plugins/wow.js]
[wellconcept.co/html/portlu-pre/assets/js/vendor/magnific-popup.min.js]
[wellconcept.co/html/portlu-pre/assets/js/vendor/tween-max.js]
[wellconcept.co/html/portlu-pre/assets/js/vendor/isotope.pkgd.min.js]
[wellconcept.co/html/portlu-pre/assets/js/vendor/imagesloaded.pkgd.min.js]
[wellconcept.co/html/portlu-pre/assets/js/vendor/vanilla.tilt.js]
[wellconcept.co/html/portlu-pre/assets/js/plugins/counterup.js]
[wellconcept.co/html/portlu-pre/assets/js/plugins/nice-select.min.js]
[wellconcept.co/html/portlu-pre/assets/js/vendor/hover-reveal.js]
[wellconcept.co/html/portlu-pre/assets/js/vendor/jquery-ui.min.js]
[wellconcept.co/html/portlu-pre/assets/js/plugins/parallax.min.js]
[wellconcept.co/html/portlu-pre/assets/js/plugins/parallax-scroll.js]
[wellconcept.co/html/portlu-pre/assets/js/plugins/jarallax.min.js]
[wellconcept.co/html/portlu-pre/assets/js/vendor/ajax-form.js]
[wellconcept.co/html/portlu-pre/assets/js/vendor/js_circle-progress.min.js]
[wellconcept.co/html/portlu-pre/index.html]
[wellconcept.co/html/portlu-pre/assets/imgs/favicon.svg]
[wellconcept.co/html/portlu-pre/assets/css/vendor/bootstrap.min.css]
[wellconcept.co/html/portlu-pre/assets/css/vendor/animate.min.css]
[wellconcept.co/html/portlu-pre/assets/css/plugins/swiper.min.css]
[wellconcept.co/html/portlu-pre/assets/css/plugins/slick.css]
[wellconcept.co/html/portlu-pre/assets/css/vendor/magnific-popup.css]
[wellconcept.co/html/portlu-pre/assets/js/main.js]
[wellconcept.co/html/portlu-pre/assets/fonts/fa-brands-400.woff2]
[wellconcept.co/html/portlu-pre/assets/fonts/fa-brands-400.ttf]
[wellconcept.co/html/portlu-pre/assets/fonts/fa-duotone-900.woff2]
[wellconcept.co/html/portlu-pre/assets/fonts/fa-duotone-900.ttf]
[wellconcept.co/html/portlu-pre/assets/fonts/fa-light-300.woff2]
[wellconcept.co/html/portlu-pre/assets/fonts/fa-light-300.ttf]
[wellconcept.co/html/portlu-pre/assets/fonts/fa-regular-400.woff2]
[wellconcept.co/html/portlu-pre/assets/fonts/fa-regular-400.ttf]
[wellconcept.co/html/portlu-pre/assets/fonts/fa-solid-900.woff2]
[wellconcept.co/html/portlu-pre/assets/fonts/fa-solid-900.ttf]
[wellconcept.co/html/portlu-pre/assets/fonts/fa-thin-100.woff2]
[wellconcept.co/html/portlu-pre/assets/fonts/fa-thin-100.ttf]
[wellconcept.co/html/portlu-pre/assets/fonts/fa-v4compatibility.woff2]
[wellconcept.co/html/portlu-pre/assets/fonts/fa-v4compatibility.ttf]
[wellconcept.co/html/portlu-pre/assets/css/vendor/fontawesome-pro.css]
[wellconcept.co/html/portlu-pre/assets/css/vendor/hover-reveal.css]
[wellconcept.co/html/portlu-pre/assets/fonts/icomoond57e.eot]
[wellconcept.co/html/portlu-pre/assets/fonts/icomoond57e.ttf]
[wellconcept.co/html/portlu-pre/assets/fonts/icomoond57e.woff]
[wellconcept.co/html/portlu-pre/assets/css/vendor/icomoon.css]
[wellconcept.co/html/portlu-pre/assets/css/vendor/spacing.css]
[wellconcept.co/html/portlu-pre/assets/fonts/icomoond57e.svg]
[wellconcept.co/html/portlu-pre/assets/imgs/shape/wave.svg]
[wellconcept.co/html/portlu-pre/assets/imgs/shape/wave-white.svg]
[wellconcept.co/html/portlu-pre/assets/css/images/ui-icons_444444_256x240.png]
[wellconcept.co/html/portlu-pre/assets/css/images/ui-icons_555555_256x240.png]
[wellconcept.co/html/portlu-pre/assets/css/images/ui-icons_ffffff_256x240.png]
[wellconcept.co/html/portlu-pre/assets/css/images/ui-icons_777620_256x240.png]
[wellconcept.co/html/portlu-pre/assets/css/images/ui-icons_cc0000_256x240.png]
[wellconcept.co/html/portlu-pre/assets/css/images/ui-icons_777777_256x240.png]
[wellconcept.co/html/portlu-pre/assets/css/main.css]
[wellconcept.co/html/portlu-pre/index-2.html]
[wellconcept.co/html/portlu-pre/assets/imgs/logo/logo.svg]
[wellconcept.co/html/portlu-pre/assets/imgs/shape/tower-shape-small.png]
[wellconcept.co/html/portlu-pre/assets/imgs/shape/hand-shape.png]
[wellconcept.co/html/portlu-pre/assets/imgs/shape/tower-shape.png]
[wellconcept.co/html/portlu-pre/assets/imgs/banner/banner-01.png]
[wellconcept.co/html/portlu-pre/assets/imgs/about/about-01.png]
[wellconcept.co/html/portlu-pre/assets/imgs/service/shape/service-shape-01.png]
[wellconcept.co/html/portlu-pre/assets/imgs/portfolio/masonary/portfolio-masonary-01.png]
[wellconcept.co/html/portlu-pre/assets/imgs/portfolio/masonary/portfolio-masonary-02.png]
[wellconcept.co/html/portlu-pre/assets/imgs/portfolio/masonary/portfolio-masonary-04.png]
[wellconcept.co/html/portlu-pre/assets/imgs/portfolio/masonary/portfolio-masonary-03.png]
[wellconcept.co/html/portlu-pre/assets/imgs/skill/01.png]
[wellconcept.co/html/portlu-pre/assets/imgs/skill/02.png]
[wellconcept.co/html/portlu-pre/assets/imgs/skill/03.png]
[wellconcept.co/html/portlu-pre/assets/imgs/skill/04.png]
[wellconcept.co/html/portlu-pre/assets/imgs/testimonial/testimonial-01.png]
[wellconcept.co/html/portlu-pre/assets/imgs/user/user-04.png]
[wellconcept.co/html/portlu-pre/assets/imgs/user/user-05.png]
[wellconcept.co/html/portlu-pre/assets/imgs/user/user-06.png]
[wellconcept.co/html/portlu-pre/assets/imgs/user/user-03.png]
[wellconcept.co/html/portlu-pre/assets/imgs/user/user-01.png]
[wellconcept.co/html/portlu-pre/assets/imgs/user/user-02.png]
[wellconcept.co/html/portlu-pre/assets/imgs/blog/blog-01.png]
[wellconcept.co/html/portlu-pre/assets/imgs/blog/blog-02.png]
[wellconcept.co/html/portlu-pre/assets/imgs/shape/contact-shape-01.png]
[wellconcept.co/html/portlu-pre/assets/imgs/shape/contact-shape-02.png]
[wellconcept.co/html/portlu-pre/assets/imgs/contact/contact-01.png]
[wellconcept.co/html/portlu-pre/personal-portfolio.html]
[wellconcept.co/html/portlu-pre/personal-portfolio-one-page.html]
[wellconcept.co/html/portlu-pre/assets/imgs/bg/banner-bg-01.png]
[wellconcept.co/html/portlu-pre/assets/imgs/banner/banner-02.png]
[wellconcept.co/html/portlu-pre/assets/imgs/about/about-02.png]
[wellconcept.co/html/portlu-pre/assets/imgs/about/about-small.png]
[wellconcept.co/html/portlu-pre/assets/imgs/brand/01/brand-01.png]
[wellconcept.co/html/portlu-pre/assets/imgs/brand/01/brand-02.png]
[wellconcept.co/html/portlu-pre/assets/imgs/brand/01/brand-03.png]
[wellconcept.co/html/portlu-pre/assets/imgs/brand/01/brand-04.png]
[wellconcept.co/html/portlu-pre/assets/imgs/portfolio/masonary/portfolio-masonary-05.png]
[wellconcept.co/html/portlu-pre/assets/imgs/portfolio/masonary/portfolio-masonary-06.png]
[wellconcept.co/html/portlu-pre/assets/imgs/portfolio/masonary/portfolio-masonary-07.png]
[wellconcept.co/html/portlu-pre/assets/imgs/portfolio/masonary/portfolio-masonary-08.png]
[wellconcept.co/html/portlu-pre/assets/imgs/portfolio/masonary/portfolio-masonary-09.png]
[wellconcept.co/html/portlu-pre/assets/imgs/portfolio/masonary/portfolio-masonary-10.png]
[wellconcept.co/html/portlu-pre/assets/imgs/portfolio/masonary/portfolio-masonary-11.png]
[wellconcept.co/html/portlu-pre/assets/imgs/testimonial/testimonial-02.png]
[wellconcept.co/html/portlu-pre/assets/imgs/shape/dot-shape.png]
[wellconcept.co/html/portlu-pre/assets/imgs/shape/testimonial-quote-02.png]
[wellconcept.co/html/portlu-pre/assets/imgs/blog/blog-03.png]
[wellconcept.co/html/portlu-pre/assets/imgs/blog/blog-04.png]
[wellconcept.co/html/portlu-pre/assets/imgs/blog/blog-05.png]
[wellconcept.co/html/portlu-pre/assets/imgs/bg/contact-bg-01.png]
[wellconcept.co/html/portlu-pre/minimal-portfolio-agency.html]
[wellconcept.co/html/portlu-pre/minimal-portfolio-agency-one-page.html]
[wellconcept.co/html/portlu-pre/assets/imgs/banner/banner-03.png]
[wellconcept.co/html/portlu-pre/assets/imgs/about/about-03.png]
[wellconcept.co/html/portlu-pre/assets/imgs/portfolio/portfolio-01.png]
[wellconcept.co/html/portlu-pre/assets/imgs/portfolio/portfolio-02.png]
[wellconcept.co/html/portlu-pre/assets/imgs/portfolio/portfolio-03.png]
[wellconcept.co/html/portlu-pre/assets/imgs/team/team-01.png]
[wellconcept.co/html/portlu-pre/team__socialYt]
[wellconcept.co/html/portlu-pre/assets/imgs/team/team-02.png]
[wellconcept.co/html/portlu-pre/assets/imgs/team/team-03.png]
[wellconcept.co/html/portlu-pre/assets/imgs/team/team-04.png]
[wellconcept.co/html/portlu-pre/assets/imgs/video/video-bg-01.png]
[wellconcept.co/html/portlu-pre/assets/imgs/testimonial/testimonial-03.png]
[wellconcept.co/html/portlu-pre/assets/imgs/shape/testimonial-quote.png]
[wellconcept.co/html/portlu-pre/assets/imgs/testimonial/testimonial-05.png]
[wellconcept.co/html/portlu-pre/assets/imgs/blog/blog-06.png]
[wellconcept.co/html/portlu-pre/assets/imgs/blog/blog-07.png]
[wellconcept.co/html/portlu-pre/assets/imgs/blog/blog-08.png]
[wellconcept.co/html/portlu-pre/assets/imgs/shape/circle-shape-02.png]
[wellconcept.co/html/portlu-pre/assets/imgs/shape/circle-shape-03.png]
[wellconcept.co/html/portlu-pre/assets/imgs/bg/footer-bg-01.png]
[wellconcept.co/html/portlu-pre/assets/imgs/footer/small/footer-small-01.png]
[wellconcept.co/html/portlu-pre/assets/imgs/footer/small/footer-small-02.png]
[wellconcept.co/html/portlu-pre/assets/imgs/footer/small/footer-small-03.png]
[wellconcept.co/html/portlu-pre/assets/imgs/footer/small/footer-small-04.png]
[wellconcept.co/html/portlu-pre/creative-agency.html]
[wellconcept.co/html/portlu-pre/creative-agency-one-page.html]
[wellconcept.co/html/portlu-pre/assets/imgs/banner/banner-04.png]
[wellconcept.co/html/portlu-pre/assets/imgs/shape/curve-shape.png]
[wellconcept.co/html/portlu-pre/assets/imgs/shape/line-shape.png]
[wellconcept.co/html/portlu-pre/assets/imgs/shape/curve-shape-02.png]
[wellconcept.co/html/portlu-pre/assets/imgs/shape/lamp-shape.png]
[wellconcept.co/html/portlu-pre/assets/imgs/about/about-04.png]
[wellconcept.co/html/portlu-pre/assets/imgs/shape/dot-small.png]
[wellconcept.co/html/portlu-pre/assets/imgs/portfolio/portfolio-04.png]
[wellconcept.co/html/portlu-pre/assets/imgs/portfolio/portfolio-05.png]
[wellconcept.co/html/portlu-pre/assets/imgs/portfolio/portfolio-06.png]
[wellconcept.co/html/portlu-pre/assets/imgs/portfolio/portfolio-07.png]
[wellconcept.co/html/portlu-pre/assets/imgs/team/team-05.png]
[wellconcept.co/html/portlu-pre/assets/imgs/team/team-06.png]
[wellconcept.co/html/portlu-pre/assets/imgs/team/team-07.png]
[wellconcept.co/html/portlu-pre/assets/imgs/testimonial/testimonial-04.png]
[wellconcept.co/html/portlu-pre/assets/imgs/shape/testimonial-quote-03.png]
[wellconcept.co/html/portlu-pre/assets/imgs/blog/blog-09.png]
[wellconcept.co/html/portlu-pre/assets/imgs/blog/blog-10.png]
[wellconcept.co/html/portlu-pre/assets/imgs/blog/blog-11.png]
[wellconcept.co/html/portlu-pre/assets/imgs/bg/cta-bg-01.png]
[wellconcept.co/html/portlu-pre/creative-agency-02.html]
[wellconcept.co/html/portlu-pre/creative-agency-one-page-02.html]
[wellconcept.co/html/portlu-pre/assets/imgs/shape/circle-shape.png]
[wellconcept.co/html/portlu-pre/assets/imgs/shape/four-line-shape-1.png]
[wellconcept.co/html/portlu-pre/assets/imgs/banner/banner-05.png]
[wellconcept.co/html/portlu-pre/assets/imgs/shape/dot-long-shape.png]
[wellconcept.co/html/portlu-pre/assets/imgs/shape/four-line-shape-2.png]
[wellconcept.co/html/portlu-pre/assets/imgs/about/about-05.png]
[wellconcept.co/html/portlu-pre/assets/imgs/portfolio/masonary/portfolio-masonary-24.png]
[wellconcept.co/html/portlu-pre/assets/imgs/portfolio/masonary/portfolio-masonary-25.png]
[wellconcept.co/html/portlu-pre/assets/imgs/portfolio/masonary/portfolio-masonary-26.png]
[wellconcept.co/html/portlu-pre/assets/imgs/portfolio/masonary/portfolio-masonary-27.png]
[wellconcept.co/html/portlu-pre/assets/imgs/counter/bg/counter-bg.png]
[wellconcept.co/html/portlu-pre/assets/imgs/user/user-08.png]
[wellconcept.co/html/portlu-pre/assets/imgs/shape/testimonial-quote-small.png]
[wellconcept.co/html/portlu-pre/assets/imgs/user/user-09.png]
[wellconcept.co/html/portlu-pre/assets/imgs/user/user-10.png]
[wellconcept.co/html/portlu-pre/assets/imgs/blog/blog-12.png]
[wellconcept.co/html/portlu-pre/assets/imgs/blog/blog-13.png]
[wellconcept.co/html/portlu-pre/assets/imgs/blog/blog-14.png]
[wellconcept.co/html/portlu-pre/assets/imgs/shape/cta-shape-01.png]
[wellconcept.co/html/portlu-pre/assets/imgs/shape/cta-shape-02.png]
[wellconcept.co/html/portlu-pre/digital-agency.html]
[wellconcept.co/html/portlu-pre/digital-agency-one-page.html]
[wellconcept.co/html/portlu-pre/assets/imgs/brand/02/brand-01.png]
[wellconcept.co/html/portlu-pre/assets/imgs/brand/02/brand-02.png]
[wellconcept.co/html/portlu-pre/assets/imgs/brand/02/brand-03.png]
[wellconcept.co/html/portlu-pre/assets/imgs/brand/02/brand-04.png]
[wellconcept.co/html/portlu-pre/assets/imgs/brand/02/brand-05.png]
[wellconcept.co/html/portlu-pre/assets/imgs/brand/02/brand-06.png]
[wellconcept.co/html/portlu-pre/assets/imgs/banner/banner-06.png]
[wellconcept.co/html/portlu-pre/assets/imgs/shape/dot-arrow.png]
[wellconcept.co/html/portlu-pre/assets/imgs/about/about-06.png]
[wellconcept.co/html/portlu-pre/assets/imgs/portfolio/portfolio-17.png]
[wellconcept.co/html/portlu-pre/assets/imgs/portfolio/portfolio-19.png]
[wellconcept.co/html/portlu-pre/assets/imgs/portfolio/portfolio-21.png]
[wellconcept.co/html/portlu-pre/assets/imgs/portfolio/portfolio-22.png]
[wellconcept.co/html/portlu-pre/assets/imgs/video/video-bg-02.png]
[wellconcept.co/html/portlu-pre/assets/imgs/shape/testimonial-quote-05.png]
[wellconcept.co/html/portlu-pre/assets/imgs/shape/testimonial-quote-06.png]
[wellconcept.co/html/portlu-pre/assets/imgs/blog/blog-15.png]
[wellconcept.co/html/portlu-pre/assets/imgs/blog/blog-16.png]
[wellconcept.co/html/portlu-pre/assets/imgs/blog/blog-17.png]
[wellconcept.co/html/portlu-pre/digital-agency-02.html]
[wellconcept.co/html/portlu-pre/digital-agency-one-page-02.html]
[wellconcept.co/html/portlu-pre/assets/imgs/bg/banner-bg-03.png]
[wellconcept.co/html/portlu-pre/assets/imgs/bg/banner-bg-04.png]
[wellconcept.co/html/portlu-pre/assets/imgs/bg/banner-bg-05.png]
[wellconcept.co/html/portlu-pre/assets/imgs/bg/banner-bg-06.png]
[wellconcept.co/html/portlu-pre/assets/imgs/about/about-07.png]
[wellconcept.co/html/portlu-pre/assets/imgs/counter/bg/counter-bg-02.png]
[wellconcept.co/html/portlu-pre/assets/imgs/brand/shape/brand-shape-01.png]
[wellconcept.co/html/portlu-pre/assets/imgs/blog/blog-18.png]
[wellconcept.co/html/portlu-pre/assets/imgs/blog/blog-19.png]
[wellconcept.co/html/portlu-pre/corporate-business.html]
[wellconcept.co/html/portlu-pre/corporate-business-one-page.html]
[wellconcept.co/html/portlu-pre/assets/imgs/bg/banner-bg-02.png]
[wellconcept.co/html/portlu-pre/assets/imgs/banner/banner-07.png]
[wellconcept.co/html/portlu-pre/assets/imgs/about/about-08.png]
[wellconcept.co/html/portlu-pre/assets/imgs/shape/dot-small-02.png]
[wellconcept.co/html/portlu-pre/assets/imgs/portfolio/masonary/portfolio-masonary-16.png]
[wellconcept.co/html/portlu-pre/assets/imgs/portfolio/masonary/portfolio-masonary-17.png]
[wellconcept.co/html/portlu-pre/assets/imgs/portfolio/masonary/portfolio-masonary-18.png]
[wellconcept.co/html/portlu-pre/assets/imgs/portfolio/masonary/portfolio-masonary-19.png]
[wellconcept.co/html/portlu-pre/assets/imgs/portfolio/masonary/portfolio-masonary-20.png]
[wellconcept.co/html/portlu-pre/assets/imgs/portfolio/masonary/portfolio-masonary-21.png]
[wellconcept.co/html/portlu-pre/assets/imgs/portfolio/masonary/portfolio-masonary-22.png]
[wellconcept.co/html/portlu-pre/assets/imgs/portfolio/masonary/portfolio-masonary-23.png]
[wellconcept.co/html/portlu-pre/assets/imgs/skill/skill-01.png]
[wellconcept.co/html/portlu-pre/assets/imgs/bg/testimonial-bg-01.png]
[wellconcept.co/html/portlu-pre/assets/imgs/shape/testimonial-quote-07.png]
[wellconcept.co/html/portlu-pre/assets/imgs/user/user-11.png]
[wellconcept.co/html/portlu-pre/assets/imgs/user/user-12.png]
[wellconcept.co/html/portlu-pre/assets/imgs/blog/blog-20.png]
[wellconcept.co/html/portlu-pre/assets/imgs/blog/blog-21.png]
[wellconcept.co/html/portlu-pre/assets/imgs/blog/blog-22.png]
[wellconcept.co/html/portlu-pre/assets/imgs/bg/contact-bg-02.png]
[wellconcept.co/html/portlu-pre/startup-business.html]
[wellconcept.co/html/portlu-pre/startup-business-one-page.html]
[wellconcept.co/html/portlu-pre/assets/imgs/breadcrumb/breadcrumb-bg-01.png]
[wellconcept.co/html/portlu-pre/assets/imgs/portfolio/large/portfolio-large-01.png]
[wellconcept.co/html/portlu-pre/assets/imgs/portfolio/large/portfolio-large-02.png]
[wellconcept.co/html/portlu-pre/assets/imgs/portfolio/large/portfolio-large-03.png]
[wellconcept.co/html/portlu-pre/assets/imgs/portfolio/large/portfolio-large-04.png]
[wellconcept.co/html/portlu-pre/about.html]
[wellconcept.co/html/portlu-pre/about-creative.html]
[wellconcept.co/html/portlu-pre/assets/imgs/breadcrumb/breadcrumb-bg-02.png]
[wellconcept.co/html/portlu-pre/services.html]
[wellconcept.co/html/portlu-pre/service.html]
[wellconcept.co/html/portlu-pre/service-standard.html]
[wellconcept.co/html/portlu-pre/service-agency.html]
[wellconcept.co/html/portlu-pre/assets/imgs/service/services-details-01.png]
[wellconcept.co/html/portlu-pre/service-details.html]
[wellconcept.co/html/portlu-pre/team.html]
[wellconcept.co/html/portlu-pre/team-details.html]
[wellconcept.co/html/portlu-pre/assets/imgs/breadcrumb/breadcrumb-bg-03.png]
[wellconcept.co/html/portlu-pre/assets/imgs/portfolio/portfolio-08.png]
[wellconcept.co/html/portlu-pre/assets/imgs/portfolio/portfolio-12.png]
[wellconcept.co/html/portlu-pre/assets/imgs/portfolio/portfolio-10.png]
[wellconcept.co/html/portlu-pre/assets/imgs/portfolio/portfolio-11.png]
[wellconcept.co/html/portlu-pre/assets/imgs/portfolio/portfolio-09.png]
[wellconcept.co/html/portlu-pre/assets/imgs/portfolio/portfolio-13.png]
[wellconcept.co/html/portlu-pre/portfolio.html]
[wellconcept.co/html/portlu-pre/assets/imgs/portfolio/portfolio-14.png]
[wellconcept.co/html/portlu-pre/assets/imgs/portfolio/portfolio-15.png]
[wellconcept.co/html/portlu-pre/assets/imgs/portfolio/portfolio-16.png]
[wellconcept.co/html/portlu-pre/assets/imgs/portfolio/portfolio-18.png]
[wellconcept.co/html/portlu-pre/portfolio-grid.html]
[wellconcept.co/html/portlu-pre/assets/imgs/portfolio/portfolio-20.png]
[wellconcept.co/html/portlu-pre/portfolio-gallery.html]
[wellconcept.co/html/portlu-pre/portfolio-masonary.html]
[wellconcept.co/html/portlu-pre/portfolio-slider-details.html]
[wellconcept.co/html/portlu-pre/assets/imgs/breadcrumb/breadcrumb-bg-04.png]
[wellconcept.co/html/portlu-pre/portfolio-list-details.html]
[wellconcept.co/html/portlu-pre/assets/imgs/portfolio/portfolio-details-video.png]
[wellconcept.co/html/portlu-pre/portfolio-video-details.html]
[wellconcept.co/html/portlu-pre/portfolio-details.html]
[wellconcept.co/html/portlu-pre/assets/imgs/breadcrumb/breadcrumb-bg-05.png]
[wellconcept.co/html/portlu-pre/assets/imgs/blog/post/blog-post-01.png]
[wellconcept.co/html/portlu-pre/assets/imgs/blog/post/blog-post-02.png]
[wellconcept.co/html/portlu-pre/assets/imgs/shape/postbox-quote.png]
[wellconcept.co/html/portlu-pre/assets/imgs/blog/post/slider/postblog-slider-01.png]
[wellconcept.co/html/portlu-pre/assets/imgs/blog/post/slider/postblog-slider-02.png]
[wellconcept.co/html/portlu-pre/assets/imgs/blog/post/slider/postblog-slider-03.png]
[wellconcept.co/html/portlu-pre/assets/imgs/user/user-07.png]
[wellconcept.co/html/portlu-pre/assets/imgs/blog/post/sidebar/sidebar-post-blog-01.png]
[wellconcept.co/html/portlu-pre/assets/imgs/blog/post/sidebar/sidebar-post-blog-02.png]
[wellconcept.co/html/portlu-pre/assets/imgs/blog/post/sidebar/sidebar-post-blog-03.png]
[wellconcept.co/html/portlu-pre/blog.html]
[wellconcept.co/html/portlu-pre/assets/imgs/blog/blog-23.png]
[wellconcept.co/html/portlu-pre/assets/imgs/blog/blog-24.png]
[wellconcept.co/html/portlu-pre/assets/imgs/blog/blog-25.png]
[wellconcept.co/html/portlu-pre/assets/imgs/blog/blog-26.png]
[wellconcept.co/html/portlu-pre/assets/imgs/blog/blog-27.png]
[wellconcept.co/html/portlu-pre/assets/imgs/blog/blog-28.png]
[wellconcept.co/html/portlu-pre/blog-grid.html]
[wellconcept.co/html/portlu-pre/blog-grid-sidebar.html]
[wellconcept.co/html/portlu-pre/assets/imgs/blog/masonary/blog-masonary-02.png]
[wellconcept.co/html/portlu-pre/assets/imgs/blog/masonary/blog-masonary-01.png]
[wellconcept.co/html/portlu-pre/assets/imgs/blog/masonary/blog-masonary-03.png]
[wellconcept.co/html/portlu-pre/assets/imgs/blog/masonary/blog-masonary-04.png]
[wellconcept.co/html/portlu-pre/assets/imgs/blog/masonary/blog-masonary-05.png]
[wellconcept.co/html/portlu-pre/assets/imgs/blog/masonary/blog-masonary-06.png]
[wellconcept.co/html/portlu-pre/assets/imgs/blog/masonary/blog-masonary-09.png]
[wellconcept.co/html/portlu-pre/assets/imgs/blog/masonary/blog-masonary-07.png]
[wellconcept.co/html/portlu-pre/assets/imgs/blog/masonary/blog-masonary-08.png]
[wellconcept.co/html/portlu-pre/blog-masonary.html]
[wellconcept.co/html/portlu-pre/assets/imgs/blog/blog-29.png]
[wellconcept.co/html/portlu-pre/assets/imgs/blog/blog-30.png]
[wellconcept.co/html/portlu-pre/assets/imgs/blog/blog-31.png]
[wellconcept.co/html/portlu-pre/assets/imgs/blog/blog-32.png]
[wellconcept.co/html/portlu-pre/blog-list-sidebar.html]
[wellconcept.co/html/portlu-pre/assets/imgs/blog/post/blog-post-03.png]
[wellconcept.co/html/portlu-pre/assets/imgs/blog/details/blog-details-01.png]
[wellconcept.co/html/portlu-pre/assets/imgs/blog/details/blog-details-02.png]
[wellconcept.co/html/portlu-pre/blog-details.html]
[wellconcept.co/html/portlu-pre/assets/imgs/blog/post/blog-post-04.png]
[wellconcept.co/html/portlu-pre/blog-details-02.html]
[wellconcept.co/html/portlu-pre/pricing.html]
[wellconcept.co/html/portlu-pre/testimonial.html]
[wellconcept.co/html/portlu-pre/assets/imgs/breadcrumb/breadcrumb-bg-06.png]
[wellconcept.co/html/portlu-pre/contact.html]
[wellconcept.co/html/portlu-pre/assets/imgs/icons/google.png]
[wellconcept.co/html/portlu-pre/assets/imgs/icons/facebook.png]
[wellconcept.co/html/portlu-pre/assets/imgs/icons/twiter.png]
[wellconcept.co/html/portlu-pre/login.html]
[wellconcept.co/html/portlu-pre/register.html]
[wellconcept.co/html/portlu-pre/forgot.html]
[wellconcept.co/html/portlu-pre/faq.html]
[wellconcept.co/html/portlu-pre/assets/imgs/error/error.png]
[wellconcept.co/html/portlu-pre/assets/imgs/shape/error-shape-01.png]
[wellconcept.co/html/portlu-pre/assets/imgs/shape/error-shape-02.png]
[wellconcept.co/html/portlu-pre/assets/imgs/shape/error-shape-03.png]
[wellconcept.co/html/portlu-pre/assets/imgs/shape/error-shape-04.png]
[wellconcept.co/html/portlu-pre/404.html]
[wellconcept.co/html/portlu-pre/style-guide.html]
[wellconcept.co/html/portlu-pre/elements-accordion.html]
[wellconcept.co/html/portlu-pre/elements-blog.html]
[wellconcept.co/html/portlu-pre/elements-brand.html]
[wellconcept.co/html/portlu-pre/elements-button.html]
[wellconcept.co/html/portlu-pre/elements-team.html]
[wellconcept.co/html/portlu-pre/elements-breadcrumb.html]
[wellconcept.co/html/portlu-pre/elements-form.html]
[wellconcept.co/html/portlu-pre/elements-cta.html]
[wellconcept.co/html/portlu-pre/elements-pricing.html]
[wellconcept.co/html/portlu-pre/elements-service.html]
[wellconcept.co/html/portlu-pre/elements-counter.html]
[wellconcept.co/html/portlu-pre/elements-about.html]
[wellconcept.co/html/portlu-pre/elements-portfolio.html]
[wellconcept.co/html/portlu-pre/elements-testimonial.html]
[wellconcept.co/html/portlu-pre/elements-progressbar.html]
[wellconcept.co/html/portlu-pre/elements-footer.html]
[wellconcept.co/html/portlu-pre/assets/imgs/landing/icon-star.svg]
[wellconcept.co/html/portlu-pre/source/portlu-doc/assets/img/logo/favicon.svg]
[wellconcept.co/html/portlu-pre/source/portlu-doc/assets/css/bootstrap.min.css]
[wellconcept.co/html/portlu-pre/source/portlu-doc/assets/css/meanmenu.css]
[wellconcept.co/html/portlu-pre/source/portlu-doc/assets/css/animate.css]
[wellconcept.co/html/portlu-pre/source/portlu-doc/assets/css/fontAwesome6Pro.css]
[wellconcept.co/html/portlu-pre/source/portlu-doc/assets/css/font-autography.css]
[wellconcept.co/html/portlu-pre/source/portlu-doc/assets/css/main.css]
[wellconcept.co/html/portlu-pre/source/portlu-doc/index-2.html]
[wellconcept.co/html/portlu-pre/source/portlu-doc/assets/img/logo/logo.svg]
[wellconcept.co/html/portlu-pre/source/portlu-doc/assets/img/structure/ftp-01.jpg]
[wellconcept.co/html/portlu-pre/source/portlu-doc/assets/img/structure/ftp-02.png]
[wellconcept.co/html/portlu-pre/source/portlu-doc/assets/img/structure/html-structure-1.png]
[wellconcept.co/html/portlu-pre/source/portlu-doc/assets/img/structure/css-structure-1.png]
[wellconcept.co/html/portlu-pre/source/portlu-doc/assets/img/structure/javascript-structure-1.png]
[wellconcept.co/html/portlu-pre/source/portlu-doc/assets/img/structure/brand-logo.png]
[wellconcept.co/html/portlu-pre/source/portlu-doc/assets/img/structure/change-default-color.png]
[wellconcept.co/html/portlu-pre/source/portlu-doc/assets/img/video/sass-thumb.png]
[wellconcept.co/html/portlu-pre/source/portlu-doc/assets/img/video/thumbnail.png]
[wellconcept.co/html/portlu-pre/source/portlu-doc/assets/js/vendor/jquery-3.6.0.min.js]
[wellconcept.co/html/portlu-pre/source/portlu-doc/assets/js/vendor/waypoints.min.js]
[wellconcept.co/html/portlu-pre/source/portlu-doc/assets/js/bootstrap.bundle.min.js]
[wellconcept.co/html/portlu-pre/source/portlu-doc/assets/js/parallaxie.js]
[wellconcept.co/html/portlu-pre/source/portlu-doc/assets/js/TweenMax.min.js]
[wellconcept.co/html/portlu-pre/source/portlu-doc/assets/js/anchor.js]
[wellconcept.co/html/portlu-pre/source/portlu-doc/assets/js/jquery.mCustomScrollbar.concat.min.js]
[wellconcept.co/html/portlu-pre/source/portlu-doc/assets/js/prism.js]
[wellconcept.co/html/portlu-pre/source/portlu-doc/assets/js/tooltipster.bundle.min.js]
[wellconcept.co/html/portlu-pre/source/portlu-doc/assets/js/video.min.js]
[wellconcept.co/html/portlu-pre/source/portlu-doc/assets/js/wistia.js]
[wellconcept.co/html/portlu-pre/source/portlu-doc/assets/js/meanmenu.js]
[wellconcept.co/html/portlu-pre/source/portlu-doc/index.html]
[wellconcept.co/html/portlu-pre/assets/js/vendor/jquery-3.6.0.min.js]
[wellconcept.co/html/portlu-pre/assets/js/plugins/waypoints.min.js]
[wellconcept.co/html/portlu-pre/assets/js/vendor/bootstrap.bundle.min.js]
[wellconcept.co/html/portlu-pre/assets/js/plugins/meanmenu.min.js]
[wellconcept.co/html/portlu-pre/source/portlu-doc/assets/js/main.js]
[wellconcept.co/html/portlu-pre/${l}]
[wellconcept.co/html/portlu-pre/e]
[wellconcept.co/html/portlu-pre/t.params.url]
[wellconcept.co/html/portlu-pre/assets/js/plugins/swiper.min.js]
[wellconcept.co/html/portlu-pre/assets/js/vendor/tween-max.js]
[wellconcept.co/html/portlu-pre/assets/js/plugins/wow.js]
[wellconcept.co/html/portlu-pre/assets/js/vendor/magnific-popup.min.js]
[wellconcept.co/html/portlu-pre/assets/js/vendor/isotope.pkgd.min.js]
[wellconcept.co/html/portlu-pre/assets/js/vendor/imagesloaded.pkgd.min.js]
[wellconcept.co/html/portlu-pre/assets/js/vendor/vanilla.tilt.js]
[wellconcept.co/html/portlu-pre/assets/js/plugins/counterup.js]
[wellconcept.co/html/portlu-pre/assets/js/plugins/nice-select.min.js]
[wellconcept.co/html/portlu-pre/assets/js/vendor/jquery-ui.min.js]
[wellconcept.co/html/portlu-pre/assets/js/vendor/hover-reveal.js]
[wellconcept.co/html/portlu-pre/assets/js/plugins/parallax.min.js]
[wellconcept.co/html/portlu-pre/assets/js/plugins/parallax-scroll.js]
[wellconcept.co/html/portlu-pre/Version/index.html]
[wellconcept.co/html/portlu-pre/${e.image.src}]
[wellconcept.co/html/portlu-pre/assets/js/plugins/jarallax.min.js]
[wellconcept.co/html/portlu-pre/assets/js/vendor/ajax-form.js]
[wellconcept.co/html/portlu-pre/assets/js/vendor/js_circle-progress.min.js]
[wellconcept.co/html/portlu-pre/assets/js/main.js]
[wellconcept.co/html/portlu-pre/assets/fonts/icomoond57e.svg]
[wellconcept.co/html/portlu-pre/assets/imgs/shape/wave.svg]
[wellconcept.co/html/portlu-pre/assets/imgs/shape/wave-white.svg]
[wellconcept.co/html/portlu-pre/assets/css/images/ui-icons_444444_256x240.html]
[wellconcept.co/html/portlu-pre/assets/css/images/ui-icons_555555_256x240.html]
[wellconcept.co/html/portlu-pre/assets/css/images/ui-icons_ffffff_256x240.html]
[wellconcept.co/html/portlu-pre/assets/css/images/ui-icons_777620_256x240.html]
[wellconcept.co/html/portlu-pre/assets/css/images/ui-icons_cc0000_256x240.html]
[wellconcept.co/html/portlu-pre/assets/css/images/ui-icons_777777_256x240.html]
[wellconcept.co/html/portlu-pre/team__socialYt.html]
[wellconcept.co/html/portlu-pre/services.html]
[wellconcept.co/html/portlu-pre/assets/imgs/team/details/team-details-01.png]
[wellconcept.co/html/portlu-pre/team-details.html]
[wellconcept.co/html/portlu-pre/source/portlu-doc/assets/img/logo/favicon.svg]
[wellconcept.co/html/portlu-pre/source/portlu-doc/assets/css/bootstrap.min.css]
[wellconcept.co/html/portlu-pre/source/portlu-doc/assets/css/meanmenu.css]
[wellconcept.co/html/portlu-pre/source/portlu-doc/assets/css/animate.css]
[wellconcept.co/html/portlu-pre/source/portlu-doc/assets/fonts/fa-brands-400.woff2]
[wellconcept.co/html/portlu-pre/source/portlu-doc/assets/fonts/fa-brands-400.ttf]
[wellconcept.co/html/portlu-pre/source/portlu-doc/assets/fonts/fa-duotone-900.woff2]
[wellconcept.co/html/portlu-pre/source/portlu-doc/assets/fonts/fa-duotone-900.ttf]
[wellconcept.co/html/portlu-pre/source/portlu-doc/assets/fonts/fa-light-300.woff2]
[wellconcept.co/html/portlu-pre/source/portlu-doc/assets/fonts/fa-light-300.ttf]
[wellconcept.co/html/portlu-pre/source/portlu-doc/assets/fonts/fa-regular-400.woff2]
[wellconcept.co/html/portlu-pre/source/portlu-doc/assets/fonts/fa-regular-400.ttf]
[wellconcept.co/html/portlu-pre/source/portlu-doc/assets/fonts/fa-solid-900.woff2]
[wellconcept.co/html/portlu-pre/source/portlu-doc/assets/fonts/fa-solid-900.ttf]
[wellconcept.co/html/portlu-pre/source/portlu-doc/assets/fonts/fa-thin-100.woff2]
[wellconcept.co/html/portlu-pre/source/portlu-doc/assets/fonts/fa-thin-100.ttf]
[wellconcept.co/html/portlu-pre/source/portlu-doc/assets/fonts/fa-v4compatibility.woff2]
[wellconcept.co/html/portlu-pre/source/portlu-doc/assets/fonts/fa-v4compatibility.ttf]
[wellconcept.co/html/portlu-pre/source/portlu-doc/assets/css/fontAwesome6Pro.css]
[wellconcept.co/html/portlu-pre/source/portlu-doc/assets/fonts/autography-webfont.woff2]
[wellconcept.co/html/portlu-pre/source/portlu-doc/assets/css/font-autography.css]
[wellconcept.co/html/portlu-pre/source/portlu-doc/assets/css/main.css]
[wellconcept.co/html/portlu-pre/source/portlu-doc/index-2.html]
[wellconcept.co/html/portlu-pre/source/portlu-doc/assets/img/logo/logo.svg]
[wellconcept.co/html/portlu-pre/source/portlu-doc/assets/js/vendor/jquery-3.6.0.min.js]
[wellconcept.co/html/portlu-pre/source/portlu-doc/assets/js/vendor/waypoints.min.js]
[wellconcept.co/html/portlu-pre/source/portlu-doc/assets/js/bootstrap.bundle.min.js]
[wellconcept.co/html/portlu-pre/source/portlu-doc/assets/js/parallaxie.js]
[wellconcept.co/html/portlu-pre/source/portlu-doc/assets/js/TweenMax.min.js]
[wellconcept.co/html/portlu-pre/source/portlu-doc/assets/js/anchor.js]
[wellconcept.co/html/portlu-pre/source/portlu-doc/assets/fonts/autography-webfont.woff]
[wellconcept.co/html/portlu-pre/source/portlu-doc/Version/index.html]
[wellconcept.co/html/portlu-pre/source/portlu-doc/GET]
[wellconcept.co/html/portlu-pre/source/portlu-doc/assets/js/prism.js]
[cdnjs.cloudflare.com/ajax/libs/clipboard.js/2.0.0/clipboard.min.js]
[wellconcept.co/html/portlu-pre/source/portlu-doc/components/index.html]
[wellconcept.co/html/portlu-pre/source/portlu-doc/cdnjs.cloudflare.com/ajax/libs/jquery-mousewheel/3.1.13/jquery.mousewheel.min.js]
[wellconcept.co/html/portlu-pre/source/portlu-doc/assets/js/jquery.mCustomScrollbar.concat.min.js]
[wellconcept.co/html/portlu-pre/source/portlu-doc/assets/js/tooltipster.bundle.min.js]
[wellconcept.co/html/portlu-pre/source/portlu-doc/assets/js/video.min.js]
[wellconcept.co/html/portlu-pre/source/portlu-doc/edge/index.html]
[wellconcept.co/html/portlu-pre/source/portlu-doc/video.js]
[wellconcept.co/html/portlu-pre/source/portlu-doc/assets/js/wistia.js]
[wellconcept.co/html/portlu-pre/source/portlu-doc/assets/js/meanmenu.js]
[wellconcept.co/html/portlu-pre/source/portlu-doc/assets/js/main.js]
[wellconcept.co/html/portlu-pre/${l}.html]
[wellconcept.co/html/portlu-pre/e.html]
[wellconcept.co/html/portlu-pre/t.params.html]
[wellconcept.co/html/portlu-pre/Version/index.html]
[wellconcept.co/html/portlu-pre/${e.image.html]
[wellconcept.co/html/portlu-pre/source/portlu-doc/Version/index.html]
[wellconcept.co/html/portlu-pre/source/portlu-doc/GET.html]
[wellconcept.co/html/portlu-pre/source/portlu-doc/components/index.html]
[wellconcept.co/html/portlu-pre/source/portlu-doc/cdnjs.cloudflare.com/ajax/libs/jquery-mousewheel/3.1.13/jquery.mousewheel.min.html]
[wellconcept.co/html/portlu-pre/source/portlu-doc/edge/index.html]
[wellconcept.co/html/portlu-pre/source/portlu-doc/video.html]
